WARNING:torch.distributed.run:
*****************************************
Setting OMP_NUM_THREADS environment variable for each process to be 1 in default, to avoid your system being overloaded, please further tune the variable for optimal performance in your application as needed. 
*****************************************
Traceback (most recent call last):
  File "experiments/r047_semantic_heading/formal_train.py", line 125, in <module>
    if __name__=='__main__': main()
  File "experiments/r047_semantic_heading/formal_train.py", line 110, in main
    z=m(xminus,xplus,whole); loss=(nn.functional.binary_cross_entropy_with_logits(z,y) if a.mode!='HEADPOINT_REG' else nn.functional.mse_loss(z,torch.stack([y*2-1,torch.zeros_like(y)],1)))
  File "/home/rspip/cqc/data/install/yes/envs/mr/lib/python3.8/site-packages/torch/nn/modules/module.py", line 1130, in _call_impl
    return forward_call(*input, **kwargs)
  File "/home/rspip/cqc/data/install/yes/envs/mr/lib/python3.8/site-packages/torch/nn/parallel/distributed.py", line 994, in forward
    if torch.is_grad_enabled() and self.reducer._rebuild_buckets():
RuntimeError: Expected to have finished reduction in the prior iteration before starting a new one. This error indicates that your module has parameters that were not used in producing loss. You can enable unused parameter detection by passing the keyword argument `find_unused_parameters=True` to `torch.nn.parallel.DistributedDataParallel`, and by 
making sure all `forward` function outputs participate in calculating loss. 
If you already have done the above, then the distributed data parallel module wasn't able to locate the output tensors in the return value of your module's `forward` function. Please include the loss function and the structure of the return value of `forward` of your module when reporting this issue (e.g. list, dict, iterable).
Parameter indices which did not receive grad for rank 2: 30 31
 In addition, you can set the environment variable TORCH_DISTRIBUTED_DEBUG to either INFO or DETAIL to print out information about which particular parameters did not receive gradient on this rank as part of this error
Traceback (most recent call last):
  File "experiments/r047_semantic_heading/formal_train.py", line 125, in <module>
    if __name__=='__main__': main()
  File "experiments/r047_semantic_heading/formal_train.py", line 110, in main
    z=m(xminus,xplus,whole); loss=(nn.functional.binary_cross_entropy_with_logits(z,y) if a.mode!='HEADPOINT_REG' else nn.functional.mse_loss(z,torch.stack([y*2-1,torch.zeros_like(y)],1)))
  File "/home/rspip/cqc/data/install/yes/envs/mr/lib/python3.8/site-packages/torch/nn/modules/module.py", line 1130, in _call_impl
    return forward_call(*input, **kwargs)
  File "/home/rspip/cqc/data/install/yes/envs/mr/lib/python3.8/site-packages/torch/nn/parallel/distributed.py", line 994, in forward
    if torch.is_grad_enabled() and self.reducer._rebuild_buckets():
RuntimeError: Expected to have finished reduction in the prior iteration before starting a new one. This error indicates that your module has parameters that were not used in producing loss. You can enable unused parameter detection by passing the keyword argument `find_unused_parameters=True` to `torch.nn.parallel.DistributedDataParallel`, and by 
making sure all `forward` function outputs participate in calculating loss. 
If you already have done the above, then the distributed data parallel module wasn't able to locate the output tensors in the return value of your module's `forward` function. Please include the loss function and the structure of the return value of `forward` of your module when reporting this issue (e.g. list, dict, iterable).
Parameter indices which did not receive grad for rank 3: 30 31
 In addition, you can set the environment variable TORCH_DISTRIBUTED_DEBUG to either INFO or DETAIL to print out information about which particular parameters did not receive gradient on this rank as part of this error
Traceback (most recent call last):
  File "experiments/r047_semantic_heading/formal_train.py", line 125, in <module>
    if __name__=='__main__': main()
  File "experiments/r047_semantic_heading/formal_train.py", line 110, in main
    z=m(xminus,xplus,whole); loss=(nn.functional.binary_cross_entropy_with_logits(z,y) if a.mode!='HEADPOINT_REG' else nn.functional.mse_loss(z,torch.stack([y*2-1,torch.zeros_like(y)],1)))
  File "/home/rspip/cqc/data/install/yes/envs/mr/lib/python3.8/site-packages/torch/nn/modules/module.py", line 1130, in _call_impl
    return forward_call(*input, **kwargs)
  File "/home/rspip/cqc/data/install/yes/envs/mr/lib/python3.8/site-packages/torch/nn/parallel/distributed.py", line 994, in forward
    if torch.is_grad_enabled() and self.reducer._rebuild_buckets():
RuntimeError: Expected to have finished reduction in the prior iteration before starting a new one. This error indicates that your module has parameters that were not used in producing loss. You can enable unused parameter detection by passing the keyword argument `find_unused_parameters=True` to `torch.nn.parallel.DistributedDataParallel`, and by 
making sure all `forward` function outputs participate in calculating loss. 
If you already have done the above, then the distributed data parallel module wasn't able to locate the output tensors in the return value of your module's `forward` function. Please include the loss function and the structure of the return value of `forward` of your module when reporting this issue (e.g. list, dict, iterable).
Parameter indices which did not receive grad for rank 1: 30 31
 In addition, you can set the environment variable TORCH_DISTRIBUTED_DEBUG to either INFO or DETAIL to print out information about which particular parameters did not receive gradient on this rank as part of this error
Traceback (most recent call last):
  File "experiments/r047_semantic_heading/formal_train.py", line 125, in <module>
    if __name__=='__main__': main()
  File "experiments/r047_semantic_heading/formal_train.py", line 110, in main
    z=m(xminus,xplus,whole); loss=(nn.functional.binary_cross_entropy_with_logits(z,y) if a.mode!='HEADPOINT_REG' else nn.functional.mse_loss(z,torch.stack([y*2-1,torch.zeros_like(y)],1)))
  File "/home/rspip/cqc/data/install/yes/envs/mr/lib/python3.8/site-packages/torch/nn/modules/module.py", line 1130, in _call_impl
    return forward_call(*input, **kwargs)
  File "/home/rspip/cqc/data/install/yes/envs/mr/lib/python3.8/site-packages/torch/nn/parallel/distributed.py", line 994, in forward
    if torch.is_grad_enabled() and self.reducer._rebuild_buckets():
RuntimeError: Expected to have finished reduction in the prior iteration before starting a new one. This error indicates that your module has parameters that were not used in producing loss. You can enable unused parameter detection by passing the keyword argument `find_unused_parameters=True` to `torch.nn.parallel.DistributedDataParallel`, and by 
making sure all `forward` function outputs participate in calculating loss. 
If you already have done the above, then the distributed data parallel module wasn't able to locate the output tensors in the return value of your module's `forward` function. Please include the loss function and the structure of the return value of `forward` of your module when reporting this issue (e.g. list, dict, iterable).
Parameter indices which did not receive grad for rank 0: 30 31
 In addition, you can set the environment variable TORCH_DISTRIBUTED_DEBUG to either INFO or DETAIL to print out information about which particular parameters did not receive gradient on this rank as part of this error
WARNING:torch.distributed.elastic.multiprocessing.api:Sending process 1978913 closing signal SIGTERM
WARNING:torch.distributed.elastic.multiprocessing.api:Sending process 1978914 closing signal SIGTERM
ERROR:torch.distributed.elastic.multiprocessing.api:failed (exitcode: 1) local_rank: 2 (pid: 1978915) of binary: /home/rspip/cqc/data/install/yes/envs/mr/bin/python3.8
Traceback (most recent call last):
  File "/home/rspip/cqc/data/install/yes/envs/mr/bin/torchrun", line 8, in <module>
    sys.exit(main())
  File "/home/rspip/cqc/data/install/yes/envs/mr/lib/python3.8/site-packages/torch/distributed/elastic/multiprocessing/errors/__init__.py", line 345, in wrapper
    return f(*args, **kwargs)
  File "/home/rspip/cqc/data/install/yes/envs/mr/lib/python3.8/site-packages/torch/distributed/run.py", line 761, in main
    run(args)
  File "/home/rspip/cqc/data/install/yes/envs/mr/lib/python3.8/site-packages/torch/distributed/run.py", line 752, in run
    elastic_launch(
  File "/home/rspip/cqc/data/install/yes/envs/mr/lib/python3.8/site-packages/torch/distributed/launcher/api.py", line 131, in __call__
    return launch_agent(self._config, self._entrypoint, list(args))
  File "/home/rspip/cqc/data/install/yes/envs/mr/lib/python3.8/site-packages/torch/distributed/launcher/api.py", line 245, in launch_agent
    raise ChildFailedError(
torch.distributed.elastic.multiprocessing.errors.ChildFailedError: 
============================================================
experiments/r047_semantic_heading/formal_train.py FAILED
------------------------------------------------------------
Failures:
[1]:
  time      : 2026-08-18_22:29:46
  host      : instance-unucz15y-4
  rank      : 3 (local_rank: 3)
  exitcode  : 1 (pid: 1978916)
  error_file: <N/A>
  traceback : To enable traceback see: https://pytorch.org/docs/stable/elastic/errors.html
------------------------------------------------------------
Root Cause (first observed failure):
[0]:
  time      : 2026-08-18_22:29:46
  host      : instance-unucz15y-4
  rank      : 2 (local_rank: 2)
  exitcode  : 1 (pid: 1978915)
  error_file: <N/A>
  traceback : To enable traceback see: https://pytorch.org/docs/stable/elastic/errors.html
============================================================
