/home/rspip/cqc/data/install/yes/envs/pcp-obb/lib/python3.10/site-packages/mmengine/optim/optimizer/zero_optimizer.py:11: DeprecationWarning: `TorchScript` support for functional optimizers is deprecated and will be removed in a future PyTorch release. Consider using the `torch.compile` optimizer instead.
  from torch.distributed.optim import \
Traceback (most recent call last):
  File "../../tmp/build-env-e_6ulfe1/lib/python3.10/site-packages/numpy/__init__.cython-30.pxd", line 1049, in numpy.import_array
SystemError: /home/conda/feedstock_root/build_artifacts/python-split_1772728095818/work/Objects/structseq.c:481: bad argument to internal function

During handling of the above exception, another exception occurred:

Traceback (most recent call last):
  File "/home/rspip/cqc/pro/study/orientbench/experiments/r047_semantic_heading/run_mmrotate_test.py", line 17, in <module>
    runpy.run_path('/home/rspip/cqc/pro/study/third_party/mmrotate_1x/tools/test.py',run_name='__main__')
  File "/home/rspip/cqc/data/install/yes/envs/pcp-obb/lib/python3.10/runpy.py", line 289, in run_path
    return _run_module_code(code, init_globals, run_name,
  File "/home/rspip/cqc/data/install/yes/envs/pcp-obb/lib/python3.10/runpy.py", line 96, in _run_module_code
    _run_code(code, mod_globals, init_globals,
  File "/home/rspip/cqc/data/install/yes/envs/pcp-obb/lib/python3.10/runpy.py", line 86, in _run_code
    exec(code, run_globals)
  File "/home/rspip/cqc/pro/study/third_party/mmrotate_1x/tools/test.py", line 127, in <module>
    main()
  File "/home/rspip/cqc/pro/study/third_party/mmrotate_1x/tools/test.py", line 83, in main
    register_all_modules_mmdet(init_default_scope=False)
  File "/home/rspip/cqc/data/install/yes/envs/pcp-obb/lib/python3.10/site-packages/mmdet/utils/setup_env.py", line 97, in register_all_modules
    import mmdet.datasets  # noqa: F401,F403
  File "/home/rspip/cqc/data/install/yes/envs/pcp-obb/lib/python3.10/site-packages/mmdet/datasets/__init__.py", line 4, in <module>
    from .ade20k import (ADE20KInstanceDataset, ADE20KPanopticDataset,
  File "/home/rspip/cqc/data/install/yes/envs/pcp-obb/lib/python3.10/site-packages/mmdet/datasets/ade20k.py", line 9, in <module>
    from .coco import CocoDataset
  File "/home/rspip/cqc/data/install/yes/envs/pcp-obb/lib/python3.10/site-packages/mmdet/datasets/coco.py", line 9, in <module>
    from .api_wrappers import COCO
  File "/home/rspip/cqc/data/install/yes/envs/pcp-obb/lib/python3.10/site-packages/mmdet/datasets/api_wrappers/__init__.py", line 2, in <module>
    from .coco_api import COCO, COCOeval, COCOPanoptic
  File "/home/rspip/cqc/data/install/yes/envs/pcp-obb/lib/python3.10/site-packages/mmdet/datasets/api_wrappers/coco_api.py", line 9, in <module>
    from pycocotools.coco import COCO as _COCO
  File "/home/rspip/cqc/data/install/yes/envs/pcp-obb/lib/python3.10/site-packages/pycocotools/coco.py", line 52, in <module>
    from . import mask as maskUtils
  File "/home/rspip/cqc/data/install/yes/envs/pcp-obb/lib/python3.10/site-packages/pycocotools/mask.py", line 3, in <module>
    import pycocotools._mask as _mask
  File "pycocotools/_mask.pyx", line 22, in init pycocotools._mask
  File "../../tmp/build-env-e_6ulfe1/lib/python3.10/site-packages/numpy/__init__.cython-30.pxd", line 1051, in numpy.import_array
ImportError: numpy._core.multiarray failed to import
