/home/rspip/cqc/data/install/yes/envs/pcp-obb-soda/lib/python3.8/site-packages/torch/distributed/launch.py:178: FutureWarning: The module torch.distributed.launch is deprecated
and will be removed in future. Use torchrun.
Note that --use_env is set by default in torchrun.
If your script expects `--local_rank` argument to be set, please
change it to read from `os.environ['LOCAL_RANK']` instead. See 
https://pytorch.org/docs/stable/distributed.html#launch-utility for 
further instructions

  warnings.warn(
WARNING:torch.distributed.run:
*****************************************
Setting OMP_NUM_THREADS environment variable for each process to be 1 in default, to avoid your system being overloaded, please further tune the variable for optimal performance in your application as needed. 
*****************************************
/home/rspip/cqc/data/install/yes/envs/pcp-obb-soda/lib/python3.8/site-packages/mmcv/__init__.py:20: UserWarning: On January 1, 2023, MMCV will release v2.0.0, in which it will remove components related to the training process and add a data transformation module. In addition, it will rename the package names mmcv to mmcv-lite and mmcv-full to mmcv. See https://github.com/open-mmlab/mmcv/blob/master/docs/en/compatibility.md for more details.
  warnings.warn(
/home/rspip/cqc/data/install/yes/envs/pcp-obb-soda/lib/python3.8/site-packages/mmcv/__init__.py:20: UserWarning: On January 1, 2023, MMCV will release v2.0.0, in which it will remove components related to the training process and add a data transformation module. In addition, it will rename the package names mmcv to mmcv-lite and mmcv-full to mmcv. See https://github.com/open-mmlab/mmcv/blob/master/docs/en/compatibility.md for more details.
  warnings.warn(
/home/rspip/cqc/data/install/yes/envs/pcp-obb-soda/lib/python3.8/site-packages/mmcv/__init__.py:20: UserWarning: On January 1, 2023, MMCV will release v2.0.0, in which it will remove components related to the training process and add a data transformation module. In addition, it will rename the package names mmcv to mmcv-lite and mmcv-full to mmcv. See https://github.com/open-mmlab/mmcv/blob/master/docs/en/compatibility.md for more details.
  warnings.warn(
/home/rspip/cqc/data/install/yes/envs/pcp-obb-soda/lib/python3.8/site-packages/mmcv/__init__.py:20: UserWarning: On January 1, 2023, MMCV will release v2.0.0, in which it will remove components related to the training process and add a data transformation module. In addition, it will rename the package names mmcv to mmcv-lite and mmcv-full to mmcv. See https://github.com/open-mmlab/mmcv/blob/master/docs/en/compatibility.md for more details.
  warnings.warn(
/home/rspip/cqc/pro/study/third_party/Fourier-Angle-Alignment/mmrotate/utils/setup_env.py:48: UserWarning: Setting MKL_NUM_THREADS environment variable for each process to be 1 in default, to avoid your system being overloaded, please further tune the variable for optimal performance in your application as needed.
  warnings.warn(
/home/rspip/cqc/pro/study/third_party/Fourier-Angle-Alignment/mmrotate/utils/setup_env.py:48: UserWarning: Setting MKL_NUM_THREADS environment variable for each process to be 1 in default, to avoid your system being overloaded, please further tune the variable for optimal performance in your application as needed.
  warnings.warn(
/home/rspip/cqc/pro/study/third_party/Fourier-Angle-Alignment/mmrotate/utils/setup_env.py:48: UserWarning: Setting MKL_NUM_THREADS environment variable for each process to be 1 in default, to avoid your system being overloaded, please further tune the variable for optimal performance in your application as needed.
  warnings.warn(
/home/rspip/cqc/pro/study/third_party/Fourier-Angle-Alignment/mmrotate/utils/setup_env.py:48: UserWarning: Setting MKL_NUM_THREADS environment variable for each process to be 1 in default, to avoid your system being overloaded, please further tune the variable for optimal performance in your application as needed.
  warnings.warn(
Traceback (most recent call last):
  File "/home/rspip/cqc/data/install/yes/envs/pcp-obb-soda/lib/python3.8/site-packages/mmcv/utils/registry.py", line 69, in build_from_cfg
Traceback (most recent call last):
  File "/home/rspip/cqc/data/install/yes/envs/pcp-obb-soda/lib/python3.8/site-packages/mmcv/utils/registry.py", line 69, in build_from_cfg
    return obj_cls(**args)
  File "/home/rspip/cqc/pro/study/third_party/Fourier-Angle-Alignment/mmrotate/datasets/dota.py", line 51, in __init__
    super(DOTADataset, self).__init__(ann_file, pipeline, **kwargs)
    TypeErrorreturn obj_cls(**args): 
__init__() got an unexpected keyword argument 'img_suffix'  File "/home/rspip/cqc/pro/study/third_party/Fourier-Angle-Alignment/mmrotate/datasets/dota.py", line 51, in __init__


During handling of the above exception, another exception occurred:

Traceback (most recent call last):
  File "tools/test.py", line 263, in <module>
    super(DOTADataset, self).__init__(ann_file, pipeline, **kwargs)
TypeError: __init__() got an unexpected keyword argument 'img_suffix'

During handling of the above exception, another exception occurred:

Traceback (most recent call last):
  File "tools/test.py", line 263, in <module>
    main()
  File "tools/test.py", line 207, in main
        dataset = build_dataset(cfg.data.test)main()

  File "/home/rspip/cqc/pro/study/third_party/Fourier-Angle-Alignment/mmrotate/datasets/builder.py", line 47, in build_dataset
  File "tools/test.py", line 207, in main
    dataset = build_from_cfg(cfg, ROTATED_DATASETS, default_args)
  File "/home/rspip/cqc/data/install/yes/envs/pcp-obb-soda/lib/python3.8/site-packages/mmcv/utils/registry.py", line 72, in build_from_cfg
    dataset = build_dataset(cfg.data.test)
  File "/home/rspip/cqc/pro/study/third_party/Fourier-Angle-Alignment/mmrotate/datasets/builder.py", line 47, in build_dataset
    raise type(e)(f'{obj_cls.__name__}: {e}')
TypeError: DOTADataset: __init__() got an unexpected keyword argument 'img_suffix'    
dataset = build_from_cfg(cfg, ROTATED_DATASETS, default_args)
  File "/home/rspip/cqc/data/install/yes/envs/pcp-obb-soda/lib/python3.8/site-packages/mmcv/utils/registry.py", line 72, in build_from_cfg
    raise type(e)(f'{obj_cls.__name__}: {e}')
TypeError: DOTADataset: __init__() got an unexpected keyword argument 'img_suffix'
Traceback (most recent call last):
  File "/home/rspip/cqc/data/install/yes/envs/pcp-obb-soda/lib/python3.8/site-packages/mmcv/utils/registry.py", line 69, in build_from_cfg
    return obj_cls(**args)
  File "/home/rspip/cqc/pro/study/third_party/Fourier-Angle-Alignment/mmrotate/datasets/dota.py", line 51, in __init__
    super(DOTADataset, self).__init__(ann_file, pipeline, **kwargs)
TypeError: __init__() got an unexpected keyword argument 'img_suffix'

During handling of the above exception, another exception occurred:

Traceback (most recent call last):
  File "tools/test.py", line 263, in <module>
    main()
  File "tools/test.py", line 207, in main
    dataset = build_dataset(cfg.data.test)
  File "/home/rspip/cqc/pro/study/third_party/Fourier-Angle-Alignment/mmrotate/datasets/builder.py", line 47, in build_dataset
    dataset = build_from_cfg(cfg, ROTATED_DATASETS, default_args)
  File "/home/rspip/cqc/data/install/yes/envs/pcp-obb-soda/lib/python3.8/site-packages/mmcv/utils/registry.py", line 72, in build_from_cfg
    raise type(e)(f'{obj_cls.__name__}: {e}')
TypeError: DOTADataset: __init__() got an unexpected keyword argument 'img_suffix'
Traceback (most recent call last):
  File "/home/rspip/cqc/data/install/yes/envs/pcp-obb-soda/lib/python3.8/site-packages/mmcv/utils/registry.py", line 69, in build_from_cfg
    return obj_cls(**args)
  File "/home/rspip/cqc/pro/study/third_party/Fourier-Angle-Alignment/mmrotate/datasets/dota.py", line 51, in __init__
    super(DOTADataset, self).__init__(ann_file, pipeline, **kwargs)
TypeError: __init__() got an unexpected keyword argument 'img_suffix'

During handling of the above exception, another exception occurred:

Traceback (most recent call last):
  File "tools/test.py", line 263, in <module>
    main()
  File "tools/test.py", line 207, in main
    dataset = build_dataset(cfg.data.test)
  File "/home/rspip/cqc/pro/study/third_party/Fourier-Angle-Alignment/mmrotate/datasets/builder.py", line 47, in build_dataset
    dataset = build_from_cfg(cfg, ROTATED_DATASETS, default_args)
  File "/home/rspip/cqc/data/install/yes/envs/pcp-obb-soda/lib/python3.8/site-packages/mmcv/utils/registry.py", line 72, in build_from_cfg
    raise type(e)(f'{obj_cls.__name__}: {e}')
TypeError: DOTADataset: __init__() got an unexpected keyword argument 'img_suffix'
ERROR:torch.distributed.elastic.multiprocessing.api:failed (exitcode: 1) local_rank: 0 (pid: 1349060) of binary: /home/rspip/cqc/data/install/yes/envs/pcp-obb-soda/bin/python
Traceback (most recent call last):
  File "/home/rspip/cqc/data/install/yes/envs/pcp-obb-soda/lib/python3.8/runpy.py", line 194, in _run_module_as_main
    return _run_code(code, main_globals, None,
  File "/home/rspip/cqc/data/install/yes/envs/pcp-obb-soda/lib/python3.8/runpy.py", line 87, in _run_code
    exec(code, run_globals)
  File "/home/rspip/cqc/data/install/yes/envs/pcp-obb-soda/lib/python3.8/site-packages/torch/distributed/launch.py", line 193, in <module>
    main()
  File "/home/rspip/cqc/data/install/yes/envs/pcp-obb-soda/lib/python3.8/site-packages/torch/distributed/launch.py", line 189, in main
    launch(args)
  File "/home/rspip/cqc/data/install/yes/envs/pcp-obb-soda/lib/python3.8/site-packages/torch/distributed/launch.py", line 174, in launch
    run(args)
  File "/home/rspip/cqc/data/install/yes/envs/pcp-obb-soda/lib/python3.8/site-packages/torch/distributed/run.py", line 710, in run
    elastic_launch(
  File "/home/rspip/cqc/data/install/yes/envs/pcp-obb-soda/lib/python3.8/site-packages/torch/distributed/launcher/api.py", line 131, in __call__
    return launch_agent(self._config, self._entrypoint, list(args))
  File "/home/rspip/cqc/data/install/yes/envs/pcp-obb-soda/lib/python3.8/site-packages/torch/distributed/launcher/api.py", line 259, in launch_agent
    raise ChildFailedError(
torch.distributed.elastic.multiprocessing.errors.ChildFailedError: 
============================================================
tools/test.py FAILED
------------------------------------------------------------
Failures:
[1]:
  time      : 2026-08-18_20:09:04
  host      : instance-unucz15y-4
  rank      : 1 (local_rank: 1)
  exitcode  : 1 (pid: 1349061)
  error_file: <N/A>
  traceback : To enable traceback see: https://pytorch.org/docs/stable/elastic/errors.html
[2]:
  time      : 2026-08-18_20:09:04
  host      : instance-unucz15y-4
  rank      : 2 (local_rank: 2)
  exitcode  : 1 (pid: 1349062)
  error_file: <N/A>
  traceback : To enable traceback see: https://pytorch.org/docs/stable/elastic/errors.html
[3]:
  time      : 2026-08-18_20:09:04
  host      : instance-unucz15y-4
  rank      : 3 (local_rank: 3)
  exitcode  : 1 (pid: 1349063)
  error_file: <N/A>
  traceback : To enable traceback see: https://pytorch.org/docs/stable/elastic/errors.html
------------------------------------------------------------
Root Cause (first observed failure):
[0]:
  time      : 2026-08-18_20:09:04
  host      : instance-unucz15y-4
  rank      : 0 (local_rank: 0)
  exitcode  : 1 (pid: 1349060)
  error_file: <N/A>
  traceback : To enable traceback see: https://pytorch.org/docs/stable/elastic/errors.html
============================================================
