{
  "schema_version": 2,
  "terminal_state": "APPLICATION_SHIFT_FAIL",
  "images": 98,
  "threshold": 0.05102584883570671,
  "policies": {
    "ap": {
      "mean_d_tip": 0.03795507405789419,
      "risk_z_0_25": 0.0,
      "risk_z_0_50": 0.0,
      "risk_z_1_00": 0.0,
      "hb_ucb_z_0_50": 0.03995275126737112,
      "eligible_matched_coverage": 1.0,
      "eligible_retained": 293,
      "eligible_full": 293,
      "ap50": 0.9980072392675561
    },
    "orientation": {
      "mean_d_tip": 0.03990702146419978,
      "risk_z_0_25": 0.0031584062196307093,
      "risk_z_0_50": 0.0,
      "risk_z_1_00": 0.0,
      "hb_ucb_z_0_50": 0.03995275126737112,
      "eligible_matched_coverage": 1.0,
      "eligible_retained": 293,
      "eligible_full": 293,
      "ap50": 0.9986048423890885
    }
  },
  "delta_cont": -0.001951947406305591,
  "delta_cont_ci95": [
    -0.00759690736733883,
    0.003553639725280447
  ],
  "delta_severe": 0.0,
  "delta_severe_ci95": [
    0.0,
    0.0
  ],
  "sensitivity_delta": {
    "0.25": -0.0031584062196307093,
    "0.50": 0.0,
    "1.00": 0.0
  },
  "checks": {
    "decision_change": true,
    "continuous": false,
    "severe": false,
    "risk_ucb": true,
    "eligible_coverage": true,
    "ap50_survival": true,
    "sensitivity": false
  },
  "bootstrap": {
    "replicates": 10000,
    "seed": 20260818,
    "workers": 48,
    "exchange_unit": "image",
    "paired": true
  },
  "matching": {
    "workers": 48,
    "class_aware": true,
    "riou_threshold": 0.5,
    "gt_ar_min": 2.1
  }
}
